// Jest Snapshot v1, https://goo.gl/fbAQLP

exports[`FastestValidator Validation should create resolve base on schema 1`] = `
Object {
  "validate": [Function],
}
`;

exports[`FastestValidator Validation should return false 1`] = `
Array [
  Object {
    "actual": undefined,
    "field": "status",
    "message": "The 'status' field is required.",
    "type": "required",
  },
]
`;

exports[`Yoi Validation should return false 1`] = `[ValidationError: "email" is required]`;

exports[`Yup Validation should create yup resolve base on schema 1`] = `
Object {
  "validate": [Function],
}
`;

exports[`Yup Validation should return false 1`] = `[ValidationError: age is a required field]`;

exports[`Zod Validation should return false 1`] = `
[ZodError: [
  {
    "code": "too_small",
    "minimum": 8,
    "type": "string",
    "inclusive": true,
    "message": "Should be at least 8 characters",
    "path": [
      "username"
    ]
  }
]]
`;
