// Vitest Snapshot v1, https://vitest.dev/guide/snapshot.html

exports[`Valibot Validation > should return false 1`] = `[AggregateError: Assertion failed]`;

exports[`Yoi Validation > should return false 1`] = `[AggregateError: Assertion failed]`;

exports[`Yup Validation > should return false 1`] = `[AggregateError: Assertion failed]`;

exports[`Zod Validation > should return false 1`] = `[AggregateError: Assertion failed]`;
